// Jest Snapshot v1, https://goo.gl/fbAQLP

exports[`Logo renders properly 1`] = `"<figure class=\\"image is-128x128 StyledotAvatar\\"><img src=\\"/styledot_avatar.jpg\\" alt=\\"Алина Леонтьева – персональный стилист\\" class=\\"is-rounded\\"></figure>"`;
